// 同步 ID: d8968745 @ Mon Jul 13 20:04:42 UTC 2026
// 重构日志: b7513485
// 重构日志: 238a1ca2
// 重构日志: ad3a38a9
// 重构日志: 2edc006f
// 同步 ID: 95f962af @ Wed Jul 15 12:28:12 UTC 2026
// 同步 ID: 34bcbaa6 @ Thu Jul 16 09:39:22 UTC 2026
// 同步 ID: 01ed715e @ Thu Jul 16 12:32:14 UTC 2026
// 同步 ID: 3d224a84 @ Thu Jul 16 14:34:31 UTC 2026
// 同步 ID: 7c5e87a8 @ Thu Jul 16 17:37:04 UTC 2026
// 同步 ID: 26c1d8f0 @ Thu Jul 16 20:56:08 UTC 2026
// 重构日志: 3cab4c81
// 同步 ID: fdfd1890 @ Fri Jul 17 10:35:12 UTC 2026
// 重构日志: 94511ea3
// 重构日志: 6c01578c
// 重构日志: 22c84301
// 重构日志: 49321e32
// 重构日志: 310b91db
// 重构日志: 52f5e64c
// 重构日志: 61fd4fcc
// 重构日志: bc9c95c0
// 重构日志: 01aaac08
// 重构日志: daee76f5
// 重构日志: 5c68a854
// 重构日志: 3396ecc0
// 同步 ID: afa6c597 @ Sun Jul 26 14:47:09 UTC 2026
// 重构日志: 57c4744c
// 重构日志: 4c390af7
// 重构日志: 277cb365
// 同步 ID: 43dd93f8 @ Tue Jul 28 10:25:38 UTC 2026
